Initialized native services in: C:\Users\alans\.gradle\native
Initialized jansi services in: C:\Users\alans\.gradle\native
The client will now receive all logging from the daemon (pid: 7776). The daemon log file: C:\Users\alans\.gradle\daemon\8.14.3\daemon-7776.out.log
Starting 2nd build in daemon [uptime: 17 mins 10.305 secs, performance: 100%, GC rate: 0.00/s, heap usage: 0% of 1.5 GiB]
Using 12 worker leases.
Now considering [D:\finance_tracker_ar\android] as hierarchies to watch
Watching the file system is configured to be enabled if available
File system watching is active
Starting Build
Settings evaluated using settings file 'D:\finance_tracker_ar\android\settings.gradle'.
Projects loaded. Root project using build file 'D:\finance_tracker_ar\android\build.gradle'.
Included projects: [root project 'android', project ':app', project ':capacitor-android', project ':capacitor-cordova-android-plugins']

> Configure project :
Evaluating root project 'android' using build file 'D:\finance_tracker_ar\android\build.gradle'.

> Configure project :app
Evaluating project ':app' using build file 'D:\finance_tracker_ar\android\app\build.gradle'.
Using default execution profile
google-services.json not found, google-services plugin not applied. Push Notifications won't work
WARNING: Using flatDir should be avoided because it doesn't support any meta-data formats.

> Configure project :capacitor-android
Evaluating project ':capacitor-android' using build file 'D:\finance_tracker_ar\node_modules\@capacitor\android\capacitor\build.gradle'.
Using default execution profile

> Configure project :capacitor-cordova-android-plugins
Evaluating project ':capacitor-cordova-android-plugins' using build file 'D:\finance_tracker_ar\android\capacitor-cordova-android-plugins\build.gradle'.
Using default execution profile
WARNING: Using flatDir should be avoided because it doesn't support any meta-data formats.
All projects evaluated.
Task name matched 'assembleDebug'
Selected primary task 'assembleDebug' from project :
file or directory 'D:\finance_tracker_ar\node_modules\@capacitor\android\capacitor\libs', not found
file or directory 'D:\finance_tracker_ar\node_modules\@capacitor\android\capacitor\libs', not found
file or directory 'D:\finance_tracker_ar\node_modules\@capacitor\android\capacitor\libs', not found
file or directory 'D:\finance_tracker_ar\node_modules\@capacitor\android\capacitor\libs', not found
file or directory 'D:\finance_tracker_ar\android\capacitor-cordova-android-plugins\src\main\libs', not found
file or directory 'D:\finance_tracker_ar\android\capacitor-cordova-android-plugins\src\main\libs', not found
file or directory 'D:\finance_tracker_ar\android\capacitor-cordova-android-plugins\src\main\libs', not found
file or directory 'D:\finance_tracker_ar\android\capacitor-cordova-android-plugins\src\main\libs', not found
Tasks to be executed: [task ':app:preBuild', task ':app:preDebugBuild', task ':app:mergeDebugNativeDebugMetadata', task ':app:javaPreCompileDebug', task ':capacitor-android:preBuild', task ':capacitor-android:preDebugBuild', task ':capacitor-android:writeDebugAarMetadata', task ':capacitor-cordova-android-plugins:preBuild', task ':capacitor-cordova-android-plugins:preDebugBuild', task ':capacitor-cordova-android-plugins:writeDebugAarMetadata', task ':app:checkDebugAarMetadata', task ':capacitor-android:processDebugNavigationResources', task ':capacitor-cordova-android-plugins:processDebugNavigationResources', task ':app:processDebugNavigationResources', task ':app:compileDebugNavigationResources', task ':app:generateDebugResValues', task ':capacitor-android:generateDebugResValues', task ':capacitor-android:generateDebugResources', task ':capacitor-android:packageDebugResources', task ':capacitor-cordova-android-plugins:generateDebugResValues', task ':capacitor-cordova-android-plugins:generateDebugResources', task ':capacitor-cordova-android-plugins:packageDebugResources', task ':app:mapDebugSourceSetPaths', task ':app:generateDebugResources', task ':app:mergeDebugResources', task ':app:packageDebugResources', task ':app:parseDebugLocalResources', task ':app:createDebugCompatibleScreenManifests', task ':app:extractDeepLinksDebug', task ':capacitor-android:extractDeepLinksDebug', task ':capacitor-android:processDebugManifest', task ':capacitor-cordova-android-plugins:extractDeepLinksDebug', task ':capacitor-cordova-android-plugins:processDebugManifest', task ':app:processDebugMainManifest', task ':app:processDebugManifest', task ':app:processDebugManifestForPackage', task ':capacitor-android:compileDebugLibraryResources', task ':capacitor-android:parseDebugLocalResources', task ':capacitor-android:generateDebugRFile', task ':capacitor-cordova-android-plugins:compileDebugLibraryResources', task ':capacitor-cordova-android-plugins:parseDebugLocalResources', task ':capacitor-cordova-android-plugins:generateDebugRFile', task ':app:processDebugResources', task ':capacitor-android:javaPreCompileDebug', task ':capacitor-android:compileDebugJavaWithJavac', task ':capacitor-android:bundleLibCompileToJarDebug', task ':capacitor-cordova-android-plugins:javaPreCompileDebug', task ':capacitor-cordova-android-plugins:compileDebugJavaWithJavac', task ':capacitor-cordova-android-plugins:bundleLibCompileToJarDebug', task ':app:compileDebugJavaWithJavac', task ':app:mergeDebugShaders', task ':app:compileDebugShaders', task ':app:generateDebugAssets', task ':capacitor-android:mergeDebugShaders', task ':capacitor-android:compileDebugShaders', task ':capacitor-android:generateDebugAssets', task ':capacitor-android:mergeDebugAssets', task ':capacitor-cordova-android-plugins:mergeDebugShaders', task ':capacitor-cordova-android-plugins:compileDebugShaders', task ':capacitor-cordova-android-plugins:generateDebugAssets', task ':capacitor-cordova-android-plugins:mergeDebugAssets', task ':app:mergeDebugAssets', task ':app:compressDebugAssets', task ':capacitor-android:bundleLibRuntimeToJarDebug', task ':capacitor-cordova-android-plugins:bundleLibRuntimeToJarDebug', task ':app:desugarDebugFileDependencies', task ':app:dexBuilderDebug', task ':app:mergeDebugGlobalSynthetics', task ':app:processDebugJavaRes', task ':capacitor-android:processDebugJavaRes', task ':capacitor-cordova-android-plugins:processDebugJavaRes', task ':app:mergeDebugJavaResource', task ':app:checkDebugDuplicateClasses', task ':app:mergeExtDexDebug', task ':capacitor-android:bundleLibRuntimeToDirDebug', task ':capacitor-cordova-android-plugins:bundleLibRuntimeToDirDebug', task ':app:mergeLibDexDebug', task ':app:mergeProjectDexDebug', task ':app:mergeDebugJniLibFolders', task ':capacitor-android:mergeDebugJniLibFolders', task ':capacitor-android:mergeDebugNativeLibs', task ':capacitor-android:copyDebugJniLibsProjectOnly', task ':capacitor-cordova-android-plugins:mergeDebugJniLibFolders', task ':capacitor-cordova-android-plugins:mergeDebugNativeLibs', task ':capacitor-cordova-android-plugins:copyDebugJniLibsProjectOnly', task ':app:mergeDebugNativeLibs', task ':app:stripDebugDebugSymbols', task ':app:validateSigningDebug', task ':app:writeDebugAppMetadata', task ':app:writeDebugSigningConfigVersions', task ':app:packageDebug', task ':app:createDebugApkListingFileRedirect', task ':app:assembleDebug', task ':capacitor-android:checkDebugAarMetadata', task ':capacitor-android:stripDebugDebugSymbols', task ':capacitor-android:copyDebugJniLibsProjectAndLocalJars', task ':capacitor-android:extractDebugAnnotations', task ':capacitor-android:extractDeepLinksForAarDebug', task ':capacitor-android:mergeDebugGeneratedProguardFiles', task ':capacitor-android:mergeDebugConsumerProguardFiles', task ':capacitor-android:prepareDebugArtProfile', task ':capacitor-android:prepareLintJarForPublish', task ':capacitor-android:mergeDebugJavaResource', task ':capacitor-android:syncDebugLibJars', task ':capacitor-android:bundleDebugAar', task ':capacitor-android:assembleDebug', task ':capacitor-cordova-android-plugins:checkDebugAarMetadata', task ':capacitor-cordova-android-plugins:stripDebugDebugSymbols', task ':capacitor-cordova-android-plugins:copyDebugJniLibsProjectAndLocalJars', task ':capacitor-cordova-android-plugins:extractDebugAnnotations', task ':capacitor-cordova-android-plugins:extractDeepLinksForAarDebug', task ':capacitor-cordova-android-plugins:mergeDebugGeneratedProguardFiles', task ':capacitor-cordova-android-plugins:mergeDebugConsumerProguardFiles', task ':capacitor-cordova-android-plugins:prepareDebugArtProfile', task ':capacitor-cordova-android-plugins:prepareLintJarForPublish', task ':capacitor-cordova-android-plugins:mergeDebugJavaResource', task ':capacitor-cordova-android-plugins:syncDebugLibJars', task ':capacitor-cordova-android-plugins:bundleDebugAar', task ':capacitor-cordova-android-plugins:assembleDebug']
Tasks that were excluded: []
work action Parameters of IdentityTransform (Thread[#364,Execution worker,5,main]) started.
work action Parameters of DexingNoClasspathTransform (Thread[#364,Execution worker,5,main]) started.
work action Parameters of DexingOutputSplitTransform (Thread[#364,Execution worker,5,main]) started.
work action Parameters of ClassesDirToClassesTransform (Thread[#364,Execution worker,5,main]) started.
work action Parameters of DexingOutputSplitTransform (Thread[#373,Execution worker Thread 10,5,main]) started.
Resolve mutations for :app:preBuild (Thread[#365,Execution worker Thread 2,5,main]) started.
:app:preBuild (Thread[#365,Execution worker Thread 2,5,main]) started.

> Task :app:preBuild UP-TO-DATE
Skipping task ':app:preBuild' as it has no actions.
Resolve mutations for :app:preDebugBuild (Thread[#365,Execution worker Thread 2,5,main]) started.
:app:preDebugBuild (Thread[#365,Execution worker Thread 2,5,main]) started.

> Task :app:preDebugBuild UP-TO-DATE
Skipping task ':app:preDebugBuild' as it has no actions.
Resolve mutations for :app:mergeDebugNativeDebugMetadata (Thread[#365,Execution worker Thread 2,5,main]) started.
:app:mergeDebugNativeDebugMetadata (Thread[#365,Execution worker Thread 2,5,main]) started.

> Task :app:mergeDebugNativeDebugMetadata NO-SOURCE
Skipping task ':app:mergeDebugNativeDebugMetadata' as it has no source files and no previous output files.
Resolve mutations for :app:javaPreCompileDebug (Thread[#365,Execution worker Thread 2,5,main]) started.
:app:javaPreCompileDebug (Thread[#365,Execution worker Thread 2,5,main]) started.

> Task :app:javaPreCompileDebug UP-TO-DATE
Caching disabled for task ':app:javaPreCompileDebug' because:
  Build cache is disabled
Skipping task ':app:javaPreCompileDebug' as it is up-to-date.
Resolve mutations for :capacitor-android:preBuild (Thread[#365,Execution worker Thread 2,5,main]) started.
:capacitor-android:preBuild (Thread[#365,Execution worker Thread 2,5,main]) started.

> Task :capacitor-android:preBuild UP-TO-DATE
Skipping task ':capacitor-android:preBuild' as it has no actions.
Resolve mutations for :capacitor-android:preDebugBuild (Thread[#365,Execution worker Thread 2,5,main]) started.
:capacitor-android:preDebugBuild (Thread[#365,Execution worker Thread 2,5,main]) started.

> Task :capacitor-android:preDebugBuild UP-TO-DATE
Skipping task ':capacitor-android:preDebugBuild' as it has no actions.
Resolve mutations for :capacitor-android:writeDebugAarMetadata (Thread[#365,Execution worker Thread 2,5,main]) started.
:capacitor-android:writeDebugAarMetadata (Thread[#374,Execution worker Thread 11,5,main]) started.

> Task :capacitor-android:writeDebugAarMetadata UP-TO-DATE
Caching disabled for task ':capacitor-android:writeDebugAarMetadata' because:
  Build cache is disabled
  Caching has been disabled for the task
Skipping task ':capacitor-android:writeDebugAarMetadata' as it is up-to-date.
work action resolve aar-metadata.properties (project :capacitor-android) (Thread[#374,Execution worker Thread 11,5,main]) started.
Resolve mutations for :capacitor-cordova-android-plugins:preBuild (Thread[#374,Execution worker Thread 11,5,main]) started.
:capacitor-cordova-android-plugins:preBuild (Thread[#374,Execution worker Thread 11,5,main]) started.

> Task :capacitor-cordova-android-plugins:preBuild UP-TO-DATE
Skipping task ':capacitor-cordova-android-plugins:preBuild' as it has no actions.
Resolve mutations for :capacitor-cordova-android-plugins:preDebugBuild (Thread[#374,Execution worker Thread 11,5,main]) started.
:capacitor-cordova-android-plugins:preDebugBuild (Thread[#374,Execution worker Thread 11,5,main]) started.

> Task :capacitor-cordova-android-plugins:preDebugBuild UP-TO-DATE
Skipping task ':capacitor-cordova-android-plugins:preDebugBuild' as it has no actions.
Resolve mutations for :capacitor-cordova-android-plugins:writeDebugAarMetadata (Thread[#374,Execution worker Thread 11,5,main]) started.
:capacitor-cordova-android-plugins:writeDebugAarMetadata (Thread[#374,Execution worker Thread 11,5,main]) started.

> Task :capacitor-cordova-android-plugins:writeDebugAarMetadata UP-TO-DATE
Caching disabled for task ':capacitor-cordova-android-plugins:writeDebugAarMetadata' because:
  Build cache is disabled
  Caching has been disabled for the task
Skipping task ':capacitor-cordova-android-plugins:writeDebugAarMetadata' as it is up-to-date.
work action resolve aar-metadata.properties (project :capacitor-cordova-android-plugins) (Thread[#364,Execution worker,5,main]) started.
Resolve mutations for :app:checkDebugAarMetadata (Thread[#364,Execution worker,5,main]) started.
:app:checkDebugAarMetadata (Thread[#364,Execution worker,5,main]) started.

> Task :app:checkDebugAarMetadata UP-TO-DATE
file or directory 'D:\finance_tracker_ar\android\app\libs', not found
file or directory 'D:\finance_tracker_ar\node_modules\@capacitor\android\capacitor\libs', not found
file or directory 'D:\finance_tracker_ar\android\capacitor-cordova-android-plugins\src\main\libs', not found
file or directory 'D:\finance_tracker_ar\android\app\libs', not found
file or directory 'D:\finance_tracker_ar\node_modules\@capacitor\android\capacitor\libs', not found
file or directory 'D:\finance_tracker_ar\android\capacitor-cordova-android-plugins\src\main\libs', not found
file or directory 'D:\finance_tracker_ar\android\app\libs', not found
file or directory 'D:\finance_tracker_ar\node_modules\@capacitor\android\capacitor\libs', not found
file or directory 'D:\finance_tracker_ar\android\capacitor-cordova-android-plugins\src\main\libs', not found
file or directory 'D:\finance_tracker_ar\android\app\libs', not found
file or directory 'D:\finance_tracker_ar\node_modules\@capacitor\android\capacitor\libs', not found
file or directory 'D:\finance_tracker_ar\android\capacitor-cordova-android-plugins\src\main\libs', not found
Caching disabled for task ':app:checkDebugAarMetadata' because:
  Build cache is disabled
  Caching has been disabled for the task
Skipping task ':app:checkDebugAarMetadata' as it is up-to-date.
Resolve mutations for :capacitor-android:processDebugNavigationResources (Thread[#364,Execution worker,5,main]) started.
:capacitor-android:processDebugNavigationResources (Thread[#364,Execution worker,5,main]) started.

> Task :capacitor-android:processDebugNavigationResources UP-TO-DATE
Caching disabled for task ':capacitor-android:processDebugNavigationResources' because:
  Build cache is disabled
Skipping task ':capacitor-android:processDebugNavigationResources' as it is up-to-date.
work action resolve debug (project :capacitor-android) (Thread[#364,Execution worker,5,main]) started.
Resolve mutations for :capacitor-cordova-android-plugins:processDebugNavigationResources (Thread[#364,Execution worker,5,main]) started.
:capacitor-cordova-android-plugins:processDebugNavigationResources (Thread[#364,Execution worker,5,main]) started.

> Task :capacitor-cordova-android-plugins:processDebugNavigationResources UP-TO-DATE
Caching disabled for task ':capacitor-cordova-android-plugins:processDebugNavigationResources' because:
  Build cache is disabled
Skipping task ':capacitor-cordova-android-plugins:processDebugNavigationResources' as it is up-to-date.
work action resolve debug (project :capacitor-cordova-android-plugins) (Thread[#364,Execution worker,5,main]) started.
Resolve mutations for :app:processDebugNavigationResources (Thread[#364,Execution worker,5,main]) started.
:app:processDebugNavigationResources (Thread[#364,Execution worker,5,main]) started.

> Task :app:processDebugNavigationResources UP-TO-DATE
file or directory 'D:\finance_tracker_ar\android\app\libs', not found
file or directory 'D:\finance_tracker_ar\node_modules\@capacitor\android\capacitor\libs', not found
file or directory 'D:\finance_tracker_ar\android\capacitor-cordova-android-plugins\src\main\libs', not found
Caching disabled for task ':app:processDebugNavigationResources' because:
  Build cache is disabled
Skipping task ':app:processDebugNavigationResources' as it is up-to-date.
Resolve mutations for :app:compileDebugNavigationResources (Thread[#364,Execution worker,5,main]) started.
:app:compileDebugNavigationResources (Thread[#364,Execution worker,5,main]) started.

> Task :app:compileDebugNavigationResources UP-TO-DATE
Caching disabled for task ':app:compileDebugNavigationResources' because:
  Build cache is disabled
Skipping task ':app:compileDebugNavigationResources' as it is up-to-date.
Resolve mutations for :app:generateDebugResValues (Thread[#364,Execution worker,5,main]) started.
:app:generateDebugResValues (Thread[#364,Execution worker,5,main]) started.

> Task :app:generateDebugResValues UP-TO-DATE
Caching disabled for task ':app:generateDebugResValues' because:
  Build cache is disabled
Skipping task ':app:generateDebugResValues' as it is up-to-date.
Resolve mutations for :capacitor-android:generateDebugResValues (Thread[#364,Execution worker,5,main]) started.
:capacitor-android:generateDebugResValues (Thread[#364,Execution worker,5,main]) started.

> Task :capacitor-android:generateDebugResValues UP-TO-DATE
Caching disabled for task ':capacitor-android:generateDebugResValues' because:
  Build cache is disabled
Skipping task ':capacitor-android:generateDebugResValues' as it is up-to-date.
Resolve mutations for :capacitor-android:generateDebugResources (Thread[#364,Execution worker,5,main]) started.
:capacitor-android:generateDebugResources (Thread[#371,Execution worker Thread 8,5,main]) started.

> Task :capacitor-android:generateDebugResources UP-TO-DATE
Caching disabled for task ':capacitor-android:generateDebugResources' because:
  Build cache is disabled
Skipping task ':capacitor-android:generateDebugResources' as it is up-to-date.
Resolve mutations for :capacitor-android:packageDebugResources (Thread[#371,Execution worker Thread 8,5,main]) started.
:capacitor-android:packageDebugResources (Thread[#371,Execution worker Thread 8,5,main]) started.

> Task :capacitor-android:packageDebugResources UP-TO-DATE
Caching disabled for task ':capacitor-android:packageDebugResources' because:
  Build cache is disabled
Skipping task ':capacitor-android:packageDebugResources' as it is up-to-date.
work action resolve packageDebugResources (project :capacitor-android) (Thread[#371,Execution worker Thread 8,5,main]) started.
Resolve mutations for :capacitor-cordova-android-plugins:generateDebugResValues (Thread[#371,Execution worker Thread 8,5,main]) started.
:capacitor-cordova-android-plugins:generateDebugResValues (Thread[#371,Execution worker Thread 8,5,main]) started.

> Task :capacitor-cordova-android-plugins:generateDebugResValues UP-TO-DATE
Caching disabled for task ':capacitor-cordova-android-plugins:generateDebugResValues' because:
  Build cache is disabled
Skipping task ':capacitor-cordova-android-plugins:generateDebugResValues' as it is up-to-date.
Resolve mutations for :capacitor-cordova-android-plugins:generateDebugResources (Thread[#371,Execution worker Thread 8,5,main]) started.
:capacitor-cordova-android-plugins:generateDebugResources (Thread[#370,Execution worker Thread 7,5,main]) started.

> Task :capacitor-cordova-android-plugins:generateDebugResources UP-TO-DATE
Caching disabled for task ':capacitor-cordova-android-plugins:generateDebugResources' because:
  Build cache is disabled
Skipping task ':capacitor-cordova-android-plugins:generateDebugResources' as it is up-to-date.
Resolve mutations for :capacitor-cordova-android-plugins:packageDebugResources (Thread[#370,Execution worker Thread 7,5,main]) started.
:capacitor-cordova-android-plugins:packageDebugResources (Thread[#370,Execution worker Thread 7,5,main]) started.

> Task :capacitor-cordova-android-plugins:packageDebugResources UP-TO-DATE
Caching disabled for task ':capacitor-cordova-android-plugins:packageDebugResources' because:
  Build cache is disabled
Skipping task ':capacitor-cordova-android-plugins:packageDebugResources' as it is up-to-date.
work action resolve packageDebugResources (project :capacitor-cordova-android-plugins) (Thread[#370,Execution worker Thread 7,5,main]) started.
Resolve mutations for :app:mapDebugSourceSetPaths (Thread[#370,Execution worker Thread 7,5,main]) started.
:app:mapDebugSourceSetPaths (Thread[#370,Execution worker Thread 7,5,main]) started.

> Task :app:mapDebugSourceSetPaths UP-TO-DATE
file or directory 'D:\finance_tracker_ar\android\app\libs', not found
file or directory 'D:\finance_tracker_ar\node_modules\@capacitor\android\capacitor\libs', not found
file or directory 'D:\finance_tracker_ar\android\capacitor-cordova-android-plugins\src\main\libs', not found
Caching disabled for task ':app:mapDebugSourceSetPaths' because:
  Build cache is disabled
  Caching has been disabled for the task
Skipping task ':app:mapDebugSourceSetPaths' as it is up-to-date.
Resolve mutations for :app:generateDebugResources (Thread[#370,Execution worker Thread 7,5,main]) started.
:app:generateDebugResources (Thread[#370,Execution worker Thread 7,5,main]) started.

> Task :app:generateDebugResources UP-TO-DATE
Caching disabled for task ':app:generateDebugResources' because:
  Build cache is disabled
Skipping task ':app:generateDebugResources' as it is up-to-date.
Resolve mutations for :app:mergeDebugResources (Thread[#370,Execution worker Thread 7,5,main]) started.
:app:mergeDebugResources (Thread[#370,Execution worker Thread 7,5,main]) started.

> Task :app:mergeDebugResources UP-TO-DATE
file or directory 'D:\finance_tracker_ar\android\app\libs', not found
file or directory 'D:\finance_tracker_ar\node_modules\@capacitor\android\capacitor\libs', not found
file or directory 'D:\finance_tracker_ar\android\capacitor-cordova-android-plugins\src\main\libs', not found
Caching disabled for task ':app:mergeDebugResources' because:
  Build cache is disabled
Skipping task ':app:mergeDebugResources' as it is up-to-date.
Resolve mutations for :app:packageDebugResources (Thread[#370,Execution worker Thread 7,5,main]) started.
:app:packageDebugResources (Thread[#370,Execution worker Thread 7,5,main]) started.

> Task :app:packageDebugResources UP-TO-DATE
Caching disabled for task ':app:packageDebugResources' because:
  Build cache is disabled
Skipping task ':app:packageDebugResources' as it is up-to-date.
Resolve mutations for :app:parseDebugLocalResources (Thread[#370,Execution worker Thread 7,5,main]) started.
:app:parseDebugLocalResources (Thread[#370,Execution worker Thread 7,5,main]) started.

> Task :app:parseDebugLocalResources UP-TO-DATE
Caching disabled for task ':app:parseDebugLocalResources' because:
  Build cache is disabled
Skipping task ':app:parseDebugLocalResources' as it is up-to-date.
Resolve mutations for :app:createDebugCompatibleScreenManifests (Thread[#370,Execution worker Thread 7,5,main]) started.
:app:createDebugCompatibleScreenManifests (Thread[#370,Execution worker Thread 7,5,main]) started.

> Task :app:createDebugCompatibleScreenManifests UP-TO-DATE
Caching disabled for task ':app:createDebugCompatibleScreenManifests' because:
  Build cache is disabled
  Caching has been disabled for the task
Skipping task ':app:createDebugCompatibleScreenManifests' as it is up-to-date.
Resolve mutations for :app:extractDeepLinksDebug (Thread[#370,Execution worker Thread 7,5,main]) started.
:app:extractDeepLinksDebug (Thread[#370,Execution worker Thread 7,5,main]) started.

> Task :app:extractDeepLinksDebug UP-TO-DATE
Caching disabled for task ':app:extractDeepLinksDebug' because:
  Build cache is disabled
Skipping task ':app:extractDeepLinksDebug' as it is up-to-date.
Resolve mutations for :capacitor-android:extractDeepLinksDebug (Thread[#370,Execution worker Thread 7,5,main]) started.
:capacitor-android:extractDeepLinksDebug (Thread[#370,Execution worker Thread 7,5,main]) started.

> Task :capacitor-android:extractDeepLinksDebug UP-TO-DATE
Caching disabled for task ':capacitor-android:extractDeepLinksDebug' because:
  Build cache is disabled
Skipping task ':capacitor-android:extractDeepLinksDebug' as it is up-to-date.
work action resolve navigation.json (project :capacitor-android) (Thread[#370,Execution worker Thread 7,5,main]) started.
Resolve mutations for :capacitor-android:processDebugManifest (Thread[#370,Execution worker Thread 7,5,main]) started.
:capacitor-android:processDebugManifest (Thread[#370,Execution worker Thread 7,5,main]) started.

> Task :capacitor-android:processDebugManifest UP-TO-DATE
Caching disabled for task ':capacitor-android:processDebugManifest' because:
  Build cache is disabled
Skipping task ':capacitor-android:processDebugManifest' as it is up-to-date.
work action resolve AndroidManifest.xml (project :capacitor-android) (Thread[#370,Execution worker Thread 7,5,main]) started.
Resolve mutations for :capacitor-cordova-android-plugins:extractDeepLinksDebug (Thread[#370,Execution worker Thread 7,5,main]) started.
:capacitor-cordova-android-plugins:extractDeepLinksDebug (Thread[#370,Execution worker Thread 7,5,main]) started.

> Task :capacitor-cordova-android-plugins:extractDeepLinksDebug UP-TO-DATE
Caching disabled for task ':capacitor-cordova-android-plugins:extractDeepLinksDebug' because:
  Build cache is disabled
Skipping task ':capacitor-cordova-android-plugins:extractDeepLinksDebug' as it is up-to-date.
work action resolve navigation.json (project :capacitor-cordova-android-plugins) (Thread[#370,Execution worker Thread 7,5,main]) started.
Resolve mutations for :capacitor-cordova-android-plugins:processDebugManifest (Thread[#365,Execution worker Thread 2,5,main]) started.
:capacitor-cordova-android-plugins:processDebugManifest (Thread[#370,Execution worker Thread 7,5,main]) started.

> Task :capacitor-cordova-android-plugins:processDebugManifest UP-TO-DATE
Caching disabled for task ':capacitor-cordova-android-plugins:processDebugManifest' because:
  Build cache is disabled
Skipping task ':capacitor-cordova-android-plugins:processDebugManifest' as it is up-to-date.
work action resolve AndroidManifest.xml (project :capacitor-cordova-android-plugins) (Thread[#370,Execution worker Thread 7,5,main]) started.
Resolve mutations for :app:processDebugMainManifest (Thread[#370,Execution worker Thread 7,5,main]) started.
:app:processDebugMainManifest (Thread[#373,Execution worker Thread 10,5,main]) started.

> Task :app:processDebugMainManifest UP-TO-DATE
file or directory 'D:\finance_tracker_ar\android\app\libs', not found
file or directory 'D:\finance_tracker_ar\node_modules\@capacitor\android\capacitor\libs', not found
file or directory 'D:\finance_tracker_ar\android\capacitor-cordova-android-plugins\src\main\libs', not found
file or directory 'D:\finance_tracker_ar\android\app\libs', not found
file or directory 'D:\finance_tracker_ar\node_modules\@capacitor\android\capacitor\libs', not found
file or directory 'D:\finance_tracker_ar\android\capacitor-cordova-android-plugins\src\main\libs', not found
file or directory 'D:\finance_tracker_ar\android\app\libs', not found
file or directory 'D:\finance_tracker_ar\node_modules\@capacitor\android\capacitor\libs', not found
file or directory 'D:\finance_tracker_ar\android\capacitor-cordova-android-plugins\src\main\libs', not found
file or directory 'D:\finance_tracker_ar\android\app\libs', not found
file or directory 'D:\finance_tracker_ar\node_modules\@capacitor\android\capacitor\libs', not found
file or directory 'D:\finance_tracker_ar\android\capacitor-cordova-android-plugins\src\main\libs', not found
Caching disabled for task ':app:processDebugMainManifest' because:
  Build cache is disabled
Skipping task ':app:processDebugMainManifest' as it is up-to-date.
Resolve mutations for :app:processDebugManifest (Thread[#370,Execution worker Thread 7,5,main]) started.
:app:processDebugManifest (Thread[#370,Execution worker Thread 7,5,main]) started.

> Task :app:processDebugManifest UP-TO-DATE
Caching disabled for task ':app:processDebugManifest' because:
  Build cache is disabled
Skipping task ':app:processDebugManifest' as it is up-to-date.
Resolve mutations for :app:processDebugManifestForPackage (Thread[#370,Execution worker Thread 7,5,main]) started.
:app:processDebugManifestForPackage (Thread[#370,Execution worker Thread 7,5,main]) started.

> Task :app:processDebugManifestForPackage UP-TO-DATE
Custom actions are attached to task ':app:processDebugManifestForPackage'.
Caching disabled for task ':app:processDebugManifestForPackage' because:
  Build cache is disabled
Skipping task ':app:processDebugManifestForPackage' as it is up-to-date.
Resolve mutations for :capacitor-android:compileDebugLibraryResources (Thread[#370,Execution worker Thread 7,5,main]) started.
:capacitor-android:compileDebugLibraryResources (Thread[#370,Execution worker Thread 7,5,main]) started.

> Task :capacitor-android:compileDebugLibraryResources UP-TO-DATE
Caching disabled for task ':capacitor-android:compileDebugLibraryResources' because:
  Build cache is disabled
Skipping task ':capacitor-android:compileDebugLibraryResources' as it is up-to-date.
work action resolve out (project :capacitor-android) (Thread[#371,Execution worker Thread 8,5,main]) started.
Resolve mutations for :capacitor-android:parseDebugLocalResources (Thread[#371,Execution worker Thread 8,5,main]) started.
:capacitor-android:parseDebugLocalResources (Thread[#371,Execution worker Thread 8,5,main]) started.

> Task :capacitor-android:parseDebugLocalResources UP-TO-DATE
Caching disabled for task ':capacitor-android:parseDebugLocalResources' because:
  Build cache is disabled
Skipping task ':capacitor-android:parseDebugLocalResources' as it is up-to-date.
Resolve mutations for :capacitor-android:generateDebugRFile (Thread[#371,Execution worker Thread 8,5,main]) started.
:capacitor-android:generateDebugRFile (Thread[#371,Execution worker Thread 8,5,main]) started.

> Task :capacitor-android:generateDebugRFile UP-TO-DATE
Caching disabled for task ':capacitor-android:generateDebugRFile' because:
  Build cache is disabled
Skipping task ':capacitor-android:generateDebugRFile' as it is up-to-date.
work action resolve package-aware-r.txt (project :capacitor-android) (Thread[#370,Execution worker Thread 7,5,main]) started.
Resolve mutations for :capacitor-cordova-android-plugins:compileDebugLibraryResources (Thread[#370,Execution worker Thread 7,5,main]) started.
:capacitor-cordova-android-plugins:compileDebugLibraryResources (Thread[#370,Execution worker Thread 7,5,main]) started.

> Task :capacitor-cordova-android-plugins:compileDebugLibraryResources UP-TO-DATE
Caching disabled for task ':capacitor-cordova-android-plugins:compileDebugLibraryResources' because:
  Build cache is disabled
Skipping task ':capacitor-cordova-android-plugins:compileDebugLibraryResources' as it is up-to-date.
work action resolve out (project :capacitor-cordova-android-plugins) (Thread[#370,Execution worker Thread 7,5,main]) started.
Resolve mutations for :capacitor-cordova-android-plugins:parseDebugLocalResources (Thread[#370,Execution worker Thread 7,5,main]) started.
:capacitor-cordova-android-plugins:parseDebugLocalResources (Thread[#370,Execution worker Thread 7,5,main]) started.

> Task :capacitor-cordova-android-plugins:parseDebugLocalResources UP-TO-DATE
Caching disabled for task ':capacitor-cordova-android-plugins:parseDebugLocalResources' because:
  Build cache is disabled
Skipping task ':capacitor-cordova-android-plugins:parseDebugLocalResources' as it is up-to-date.
Resolve mutations for :capacitor-cordova-android-plugins:generateDebugRFile (Thread[#370,Execution worker Thread 7,5,main]) started.
:capacitor-cordova-android-plugins:generateDebugRFile (Thread[#370,Execution worker Thread 7,5,main]) started.

> Task :capacitor-cordova-android-plugins:generateDebugRFile UP-TO-DATE
Caching disabled for task ':capacitor-cordova-android-plugins:generateDebugRFile' because:
  Build cache is disabled
Skipping task ':capacitor-cordova-android-plugins:generateDebugRFile' as it is up-to-date.
work action resolve package-aware-r.txt (project :capacitor-cordova-android-plugins) (Thread[#370,Execution worker Thread 7,5,main]) started.
Resolve mutations for :app:processDebugResources (Thread[#370,Execution worker Thread 7,5,main]) started.
:app:processDebugResources (Thread[#370,Execution worker Thread 7,5,main]) started.

> Task :app:processDebugResources UP-TO-DATE
file or directory 'D:\finance_tracker_ar\android\app\libs', not found
file or directory 'D:\finance_tracker_ar\node_modules\@capacitor\android\capacitor\libs', not found
file or directory 'D:\finance_tracker_ar\android\capacitor-cordova-android-plugins\src\main\libs', not found
file or directory 'D:\finance_tracker_ar\android\app\libs', not found
file or directory 'D:\finance_tracker_ar\node_modules\@capacitor\android\capacitor\libs', not found
file or directory 'D:\finance_tracker_ar\android\capacitor-cordova-android-plugins\src\main\libs', not found
file or directory 'D:\finance_tracker_ar\android\app\libs', not found
Caching disabled for task ':app:processDebugResources' because:
  Build cache is disabled
Skipping task ':app:processDebugResources' as it is up-to-date.
Resolve mutations for :capacitor-android:javaPreCompileDebug (Thread[#370,Execution worker Thread 7,5,main]) started.
:capacitor-android:javaPreCompileDebug (Thread[#370,Execution worker Thread 7,5,main]) started.

> Task :capacitor-android:javaPreCompileDebug UP-TO-DATE
Caching disabled for task ':capacitor-android:javaPreCompileDebug' because:
  Build cache is disabled
Skipping task ':capacitor-android:javaPreCompileDebug' as it is up-to-date.
Resolve mutations for :capacitor-android:compileDebugJavaWithJavac (Thread[#370,Execution worker Thread 7,5,main]) started.
:capacitor-android:compileDebugJavaWithJavac (Thread[#370,Execution worker Thread 7,5,main]) started.

> Task :capacitor-android:compileDebugJavaWithJavac UP-TO-DATE
file or directory 'D:\finance_tracker_ar\node_modules\@capacitor\android\capacitor\libs', not found
file or directory 'D:\finance_tracker_ar\node_modules\@capacitor\android\capacitor\libs', not found
Custom actions are attached to task ':capacitor-android:compileDebugJavaWithJavac'.
Caching disabled for task ':capacitor-android:compileDebugJavaWithJavac' because:
  Build cache is disabled
Skipping task ':capacitor-android:compileDebugJavaWithJavac' as it is up-to-date.
Resolve mutations for :capacitor-android:bundleLibCompileToJarDebug (Thread[#370,Execution worker Thread 7,5,main]) started.
:capacitor-android:bundleLibCompileToJarDebug (Thread[#370,Execution worker Thread 7,5,main]) started.

> Task :capacitor-android:bundleLibCompileToJarDebug UP-TO-DATE
Caching disabled for task ':capacitor-android:bundleLibCompileToJarDebug' because:
  Build cache is disabled
  Simple merging task
Skipping task ':capacitor-android:bundleLibCompileToJarDebug' as it is up-to-date.
work action resolve classes.jar (project :capacitor-android) (Thread[#370,Execution worker Thread 7,5,main]) started.
Resolve mutations for :capacitor-cordova-android-plugins:javaPreCompileDebug (Thread[#370,Execution worker Thread 7,5,main]) started.
:capacitor-cordova-android-plugins:javaPreCompileDebug (Thread[#370,Execution worker Thread 7,5,main]) started.

> Task :capacitor-cordova-android-plugins:javaPreCompileDebug UP-TO-DATE
Caching disabled for task ':capacitor-cordova-android-plugins:javaPreCompileDebug' because:
  Build cache is disabled
Skipping task ':capacitor-cordova-android-plugins:javaPreCompileDebug' as it is up-to-date.
Resolve mutations for :capacitor-cordova-android-plugins:compileDebugJavaWithJavac (Thread[#370,Execution worker Thread 7,5,main]) started.
:capacitor-cordova-android-plugins:compileDebugJavaWithJavac (Thread[#370,Execution worker Thread 7,5,main]) started.

> Task :capacitor-cordova-android-plugins:compileDebugJavaWithJavac NO-SOURCE
Skipping task ':capacitor-cordova-android-plugins:compileDebugJavaWithJavac' as it has no source files and no previous output files.
Resolve mutations for :capacitor-cordova-android-plugins:bundleLibCompileToJarDebug (Thread[#370,Execution worker Thread 7,5,main]) started.
:capacitor-cordova-android-plugins:bundleLibCompileToJarDebug (Thread[#370,Execution worker Thread 7,5,main]) started.

> Task :capacitor-cordova-android-plugins:bundleLibCompileToJarDebug UP-TO-DATE
Caching disabled for task ':capacitor-cordova-android-plugins:bundleLibCompileToJarDebug' because:
  Build cache is disabled
  Simple merging task
Skipping task ':capacitor-cordova-android-plugins:bundleLibCompileToJarDebug' as it is up-to-date.
work action resolve classes.jar (project :capacitor-cordova-android-plugins) (Thread[#370,Execution worker Thread 7,5,main]) started.
Resolve mutations for :app:compileDebugJavaWithJavac (Thread[#370,Execution worker Thread 7,5,main]) started.
:app:compileDebugJavaWithJavac (Thread[#370,Execution worker Thread 7,5,main]) started.

> Task :app:compileDebugJavaWithJavac UP-TO-DATE
file or directory 'D:\finance_tracker_ar\android\app\libs', not found
file or directory 'D:\finance_tracker_ar\android\app\libs', not found
Custom actions are attached to task ':app:compileDebugJavaWithJavac'.
Caching disabled for task ':app:compileDebugJavaWithJavac' because:
  Build cache is disabled
Skipping task ':app:compileDebugJavaWithJavac' as it is up-to-date.
Resolve mutations for :app:mergeDebugShaders (Thread[#370,Execution worker Thread 7,5,main]) started.
:app:mergeDebugShaders (Thread[#370,Execution worker Thread 7,5,main]) started.

> Task :app:mergeDebugShaders UP-TO-DATE
Caching disabled for task ':app:mergeDebugShaders' because:
  Build cache is disabled
  Simple merging task
Skipping task ':app:mergeDebugShaders' as it is up-to-date.
Resolve mutations for :app:compileDebugShaders (Thread[#370,Execution worker Thread 7,5,main]) started.
:app:compileDebugShaders (Thread[#370,Execution worker Thread 7,5,main]) started.

> Task :app:compileDebugShaders NO-SOURCE
Skipping task ':app:compileDebugShaders' as it has no source files and no previous output files.
Resolve mutations for :app:generateDebugAssets (Thread[#370,Execution worker Thread 7,5,main]) started.
:app:generateDebugAssets (Thread[#370,Execution worker Thread 7,5,main]) started.

> Task :app:generateDebugAssets UP-TO-DATE
Skipping task ':app:generateDebugAssets' as it has no actions.
Resolve mutations for :capacitor-android:mergeDebugShaders (Thread[#370,Execution worker Thread 7,5,main]) started.
:capacitor-android:mergeDebugShaders (Thread[#370,Execution worker Thread 7,5,main]) started.

> Task :capacitor-android:mergeDebugShaders UP-TO-DATE
Caching disabled for task ':capacitor-android:mergeDebugShaders' because:
  Build cache is disabled
  Simple merging task
Skipping task ':capacitor-android:mergeDebugShaders' as it is up-to-date.
Resolve mutations for :capacitor-android:compileDebugShaders (Thread[#370,Execution worker Thread 7,5,main]) started.
:capacitor-android:compileDebugShaders (Thread[#370,Execution worker Thread 7,5,main]) started.

> Task :capacitor-android:compileDebugShaders NO-SOURCE
Skipping task ':capacitor-android:compileDebugShaders' as it has no source files and no previous output files.
Resolve mutations for :capacitor-android:generateDebugAssets (Thread[#370,Execution worker Thread 7,5,main]) started.
:capacitor-android:generateDebugAssets (Thread[#370,Execution worker Thread 7,5,main]) started.

> Task :capacitor-android:generateDebugAssets UP-TO-DATE
Skipping task ':capacitor-android:generateDebugAssets' as it has no actions.
Resolve mutations for :capacitor-android:mergeDebugAssets (Thread[#370,Execution worker Thread 7,5,main]) started.
:capacitor-android:mergeDebugAssets (Thread[#370,Execution worker Thread 7,5,main]) started.

> Task :capacitor-android:mergeDebugAssets UP-TO-DATE
Caching disabled for task ':capacitor-android:mergeDebugAssets' because:
  Build cache is disabled
  Simple merging task
Skipping task ':capacitor-android:mergeDebugAssets' as it is up-to-date.
work action resolve mergeDebugAssets (project :capacitor-android) (Thread[#370,Execution worker Thread 7,5,main]) started.
Resolve mutations for :capacitor-cordova-android-plugins:mergeDebugShaders (Thread[#370,Execution worker Thread 7,5,main]) started.
:capacitor-cordova-android-plugins:mergeDebugShaders (Thread[#370,Execution worker Thread 7,5,main]) started.

> Task :capacitor-cordova-android-plugins:mergeDebugShaders UP-TO-DATE
Caching disabled for task ':capacitor-cordova-android-plugins:mergeDebugShaders' because:
  Build cache is disabled
  Simple merging task
Skipping task ':capacitor-cordova-android-plugins:mergeDebugShaders' as it is up-to-date.
Resolve mutations for :capacitor-cordova-android-plugins:compileDebugShaders (Thread[#370,Execution worker Thread 7,5,main]) started.
:capacitor-cordova-android-plugins:compileDebugShaders (Thread[#370,Execution worker Thread 7,5,main]) started.

> Task :capacitor-cordova-android-plugins:compileDebugShaders NO-SOURCE
Skipping task ':capacitor-cordova-android-plugins:compileDebugShaders' as it has no source files and no previous output files.
Resolve mutations for :capacitor-cordova-android-plugins:generateDebugAssets (Thread[#370,Execution worker Thread 7,5,main]) started.
:capacitor-cordova-android-plugins:generateDebugAssets (Thread[#370,Execution worker Thread 7,5,main]) started.

> Task :capacitor-cordova-android-plugins:generateDebugAssets UP-TO-DATE
Skipping task ':capacitor-cordova-android-plugins:generateDebugAssets' as it has no actions.
Resolve mutations for :capacitor-cordova-android-plugins:mergeDebugAssets (Thread[#370,Execution worker Thread 7,5,main]) started.
:capacitor-cordova-android-plugins:mergeDebugAssets (Thread[#367,Execution worker Thread 4,5,main]) started.

> Task :capacitor-cordova-android-plugins:mergeDebugAssets UP-TO-DATE
Caching disabled for task ':capacitor-cordova-android-plugins:mergeDebugAssets' because:
  Build cache is disabled
  Simple merging task
Skipping task ':capacitor-cordova-android-plugins:mergeDebugAssets' as it is up-to-date.
work action resolve mergeDebugAssets (project :capacitor-cordova-android-plugins) (Thread[#367,Execution worker Thread 4,5,main]) started.
Resolve mutations for :app:mergeDebugAssets (Thread[#367,Execution worker Thread 4,5,main]) started.
:app:mergeDebugAssets (Thread[#367,Execution worker Thread 4,5,main]) started.

> Task :app:mergeDebugAssets UP-TO-DATE
file or directory 'D:\finance_tracker_ar\android\app\libs', not found
file or directory 'D:\finance_tracker_ar\node_modules\@capacitor\android\capacitor\libs', not found
file or directory 'D:\finance_tracker_ar\android\capacitor-cordova-android-plugins\src\main\libs', not found
Caching disabled for task ':app:mergeDebugAssets' because:
  Build cache is disabled
  Simple merging task
Skipping task ':app:mergeDebugAssets' as it is up-to-date.
Resolve mutations for :app:compressDebugAssets (Thread[#367,Execution worker Thread 4,5,main]) started.
:app:compressDebugAssets (Thread[#367,Execution worker Thread 4,5,main]) started.

> Task :app:compressDebugAssets UP-TO-DATE
Caching disabled for task ':app:compressDebugAssets' because:
  Build cache is disabled
Skipping task ':app:compressDebugAssets' as it is up-to-date.
Resolve mutations for :capacitor-android:bundleLibRuntimeToJarDebug (Thread[#367,Execution worker Thread 4,5,main]) started.
:capacitor-android:bundleLibRuntimeToJarDebug (Thread[#367,Execution worker Thread 4,5,main]) started.

> Task :capacitor-android:bundleLibRuntimeToJarDebug UP-TO-DATE
Caching disabled for task ':capacitor-android:bundleLibRuntimeToJarDebug' because:
  Build cache is disabled
  Simple merging task
Skipping task ':capacitor-android:bundleLibRuntimeToJarDebug' as it is up-to-date.
work action resolve classes.jar (project :capacitor-android) (Thread[#367,Execution worker Thread 4,5,main]) started.
IdentityTransform (Thread[#367,Execution worker Thread 4,5,main]) started.
Resolve mutations for :capacitor-cordova-android-plugins:bundleLibRuntimeToJarDebug (Thread[#370,Execution worker Thread 7,5,main]) started.
DexingNoClasspathTransform (Thread[#367,Execution worker Thread 4,5,main]) started.
:capacitor-cordova-android-plugins:bundleLibRuntimeToJarDebug (Thread[#370,Execution worker Thread 7,5,main]) started.

> Task :capacitor-cordova-android-plugins:bundleLibRuntimeToJarDebug UP-TO-DATE
Caching disabled for task ':capacitor-cordova-android-plugins:bundleLibRuntimeToJarDebug' because:
  Build cache is disabled
  Simple merging task
Skipping task ':capacitor-cordova-android-plugins:bundleLibRuntimeToJarDebug' as it is up-to-date.
work action resolve classes.jar (project :capacitor-cordova-android-plugins) (Thread[#370,Execution worker Thread 7,5,main]) started.
IdentityTransform (Thread[#370,Execution worker Thread 7,5,main]) started.
Resolve mutations for :app:desugarDebugFileDependencies (Thread[#365,Execution worker Thread 2,5,main]) started.
DexingNoClasspathTransform (Thread[#370,Execution worker Thread 7,5,main]) started.
:app:desugarDebugFileDependencies (Thread[#365,Execution worker Thread 2,5,main]) started.

> Transform classes.jar (project :capacitor-cordova-android-plugins) with DexingNoClasspathTransform
Caching disabled for DexingNoClasspathTransform: D:\finance_tracker_ar\android\capacitor-cordova-android-plugins\build\intermediates\runtime_library_classes_jar\debug\bundleLibRuntimeToJarDebug\classes.jar because:
  Build cache is disabled
Skipping DexingNoClasspathTransform: D:\finance_tracker_ar\android\capacitor-cordova-android-plugins\build\intermediates\runtime_library_classes_jar\debug\bundleLibRuntimeToJarDebug\classes.jar as it is up-to-date.
DexingOutputSplitTransform (Thread[#370,Execution worker Thread 7,5,main]) started.

> Transform classes.jar (project :capacitor-android) with DexingNoClasspathTransform
Caching disabled for DexingNoClasspathTransform: D:\finance_tracker_ar\node_modules\@capacitor\android\capacitor\build\intermediates\runtime_library_classes_jar\debug\bundleLibRuntimeToJarDebug\classes.jar because:
  Build cache is disabled
Skipping DexingNoClasspathTransform: D:\finance_tracker_ar\node_modules\@capacitor\android\capacitor\build\intermediates\runtime_library_classes_jar\debug\bundleLibRuntimeToJarDebug\classes.jar as it is up-to-date.

> Task :app:desugarDebugFileDependencies UP-TO-DATE
file or directory 'D:\finance_tracker_ar\android\app\libs', not found
file or directory 'D:\finance_tracker_ar\node_modules\@capacitor\android\capacitor\libs', not found
file or directory 'D:\finance_tracker_ar\android\capacitor-cordova-android-plugins\src\main\libs', not found
Caching disabled for task ':app:desugarDebugFileDependencies' because:
  Build cache is disabled
Skipping task ':app:desugarDebugFileDependencies' as it is up-to-date.
Resolve mutations for :app:dexBuilderDebug (Thread[#365,Execution worker Thread 2,5,main]) started.
DexingOutputSplitTransform (Thread[#367,Execution worker Thread 4,5,main]) started.
:app:dexBuilderDebug (Thread[#365,Execution worker Thread 2,5,main]) started.

> Task :app:dexBuilderDebug UP-TO-DATE
Caching disabled for task ':app:dexBuilderDebug' because:
  Build cache is disabled
Skipping task ':app:dexBuilderDebug' as it is up-to-date.
Resolve mutations for :app:mergeDebugGlobalSynthetics (Thread[#365,Execution worker Thread 2,5,main]) started.
:app:mergeDebugGlobalSynthetics (Thread[#365,Execution worker Thread 2,5,main]) started.

> Task :app:mergeDebugGlobalSynthetics UP-TO-DATE
file or directory 'D:\finance_tracker_ar\android\app\libs', not found
file or directory 'D:\finance_tracker_ar\node_modules\@capacitor\android\capacitor\libs', not found
file or directory 'D:\finance_tracker_ar\android\capacitor-cordova-android-plugins\src\main\libs', not found
file or directory 'D:\finance_tracker_ar\android\app\libs', not found
file or directory 'D:\finance_tracker_ar\node_modules\@capacitor\android\capacitor\libs', not found
file or directory 'D:\finance_tracker_ar\android\capacitor-cordova-android-plugins\src\main\libs', not found
Caching disabled for task ':app:mergeDebugGlobalSynthetics' because:
  Build cache is disabled
Skipping task ':app:mergeDebugGlobalSynthetics' as it is up-to-date.
Resolve mutations for :app:processDebugJavaRes (Thread[#365,Execution worker Thread 2,5,main]) started.
:app:processDebugJavaRes (Thread[#365,Execution worker Thread 2,5,main]) started.

> Task :app:processDebugJavaRes NO-SOURCE
file or directory 'D:\finance_tracker_ar\android\app\src\main\resources', not found
file or directory 'D:\finance_tracker_ar\android\app\src\debug\resources', not found
Skipping task ':app:processDebugJavaRes' as it has no source files and no previous output files.
Resolve mutations for :capacitor-android:processDebugJavaRes (Thread[#365,Execution worker Thread 2,5,main]) started.
:capacitor-android:processDebugJavaRes (Thread[#365,Execution worker Thread 2,5,main]) started.

> Task :capacitor-android:processDebugJavaRes NO-SOURCE
file or directory 'D:\finance_tracker_ar\node_modules\@capacitor\android\capacitor\src\main\resources', not found
file or directory 'D:\finance_tracker_ar\node_modules\@capacitor\android\capacitor\src\debug\resources', not found
Skipping task ':capacitor-android:processDebugJavaRes' as it has no source files and no previous output files.
work action resolve out (project :capacitor-android) (Thread[#365,Execution worker Thread 2,5,main]) started.
Resolve mutations for :capacitor-cordova-android-plugins:processDebugJavaRes (Thread[#365,Execution worker Thread 2,5,main]) started.
:capacitor-cordova-android-plugins:processDebugJavaRes (Thread[#365,Execution worker Thread 2,5,main]) started.

> Task :capacitor-cordova-android-plugins:processDebugJavaRes NO-SOURCE
file or directory 'D:\finance_tracker_ar\android\capacitor-cordova-android-plugins\src\main\resources', not found
file or directory 'D:\finance_tracker_ar\android\capacitor-cordova-android-plugins\src\debug\resources', not found
Skipping task ':capacitor-cordova-android-plugins:processDebugJavaRes' as it has no source files and no previous output files.
work action resolve out (project :capacitor-cordova-android-plugins) (Thread[#365,Execution worker Thread 2,5,main]) started.
Resolve mutations for :app:mergeDebugJavaResource (Thread[#365,Execution worker Thread 2,5,main]) started.
:app:mergeDebugJavaResource (Thread[#365,Execution worker Thread 2,5,main]) started.

> Task :app:mergeDebugJavaResource UP-TO-DATE
file or directory 'D:\finance_tracker_ar\android\app\libs', not found
file or directory 'D:\finance_tracker_ar\node_modules\@capacitor\android\capacitor\libs', not found
file or directory 'D:\finance_tracker_ar\android\capacitor-cordova-android-plugins\src\main\libs', not found
file or directory 'D:\finance_tracker_ar\android\app\libs', not found
file or directory 'D:\finance_tracker_ar\node_modules\@capacitor\android\capacitor\libs', not found
file or directory 'D:\finance_tracker_ar\android\capacitor-cordova-android-plugins\src\main\libs', not found
Caching disabled for task ':app:mergeDebugJavaResource' because:
  Build cache is disabled
  Caching has been disabled for the task
Skipping task ':app:mergeDebugJavaResource' as it is up-to-date.
Resolve mutations for :app:checkDebugDuplicateClasses (Thread[#365,Execution worker Thread 2,5,main]) started.
:app:checkDebugDuplicateClasses (Thread[#365,Execution worker Thread 2,5,main]) started.

> Task :app:checkDebugDuplicateClasses UP-TO-DATE
file or directory 'D:\finance_tracker_ar\android\app\libs', not found
file or directory 'D:\finance_tracker_ar\node_modules\@capacitor\android\capacitor\libs', not found
file or directory 'D:\finance_tracker_ar\android\capacitor-cordova-android-plugins\src\main\libs', not found
file or directory 'D:\finance_tracker_ar\android\app\libs', not found
file or directory 'D:\finance_tracker_ar\node_modules\@capacitor\android\capacitor\libs', not found
file or directory 'D:\finance_tracker_ar\android\capacitor-cordova-android-plugins\src\main\libs', not found
Caching disabled for task ':app:checkDebugDuplicateClasses' because:
  Build cache is disabled
  Caching has been disabled for the task
Skipping task ':app:checkDebugDuplicateClasses' as it is up-to-date.
Resolve mutations for :app:mergeExtDexDebug (Thread[#365,Execution worker Thread 2,5,main]) started.
:app:mergeExtDexDebug (Thread[#365,Execution worker Thread 2,5,main]) started.

> Task :app:mergeExtDexDebug UP-TO-DATE
file or directory 'D:\finance_tracker_ar\android\app\libs', not found
file or directory 'D:\finance_tracker_ar\node_modules\@capacitor\android\capacitor\libs', not found
file or directory 'D:\finance_tracker_ar\android\capacitor-cordova-android-plugins\src\main\libs', not found
file or directory 'D:\finance_tracker_ar\android\app\libs', not found
file or directory 'D:\finance_tracker_ar\node_modules\@capacitor\android\capacitor\libs', not found
file or directory 'D:\finance_tracker_ar\android\capacitor-cordova-android-plugins\src\main\libs', not found
Caching disabled for task ':app:mergeExtDexDebug' because:
  Build cache is disabled
Skipping task ':app:mergeExtDexDebug' as it is up-to-date.
Resolve mutations for :capacitor-android:bundleLibRuntimeToDirDebug (Thread[#365,Execution worker Thread 2,5,main]) started.
:capacitor-android:bundleLibRuntimeToDirDebug (Thread[#365,Execution worker Thread 2,5,main]) started.

> Task :capacitor-android:bundleLibRuntimeToDirDebug UP-TO-DATE
Caching disabled for task ':capacitor-android:bundleLibRuntimeToDirDebug' because:
  Build cache is disabled
  Simple merging task
Skipping task ':capacitor-android:bundleLibRuntimeToDirDebug' as it is up-to-date.
work action resolve bundleLibRuntimeToDirDebug (project :capacitor-android) (Thread[#365,Execution worker Thread 2,5,main]) started.
ClassesDirToClassesTransform (Thread[#365,Execution worker Thread 2,5,main]) started.
Resolve mutations for :capacitor-cordova-android-plugins:bundleLibRuntimeToDirDebug (Thread[#369,Execution worker Thread 6,5,main]) started.
:capacitor-cordova-android-plugins:bundleLibRuntimeToDirDebug (Thread[#369,Execution worker Thread 6,5,main]) started.
DexingNoClasspathTransform (Thread[#365,Execution worker Thread 2,5,main]) started.

> Task :capacitor-cordova-android-plugins:bundleLibRuntimeToDirDebug UP-TO-DATE
Caching disabled for task ':capacitor-cordova-android-plugins:bundleLibRuntimeToDirDebug' because:
  Build cache is disabled
  Simple merging task
Skipping task ':capacitor-cordova-android-plugins:bundleLibRuntimeToDirDebug' as it is up-to-date.
work action resolve bundleLibRuntimeToDirDebug (project :capacitor-cordova-android-plugins) (Thread[#369,Execution worker Thread 6,5,main]) started.
ClassesDirToClassesTransform (Thread[#369,Execution worker Thread 6,5,main]) started.
Resolve mutations for :app:mergeProjectDexDebug (Thread[#368,Execution worker Thread 5,5,main]) started.
DexingNoClasspathTransform (Thread[#369,Execution worker Thread 6,5,main]) started.
:app:mergeProjectDexDebug (Thread[#368,Execution worker Thread 5,5,main]) started.

> Transform bundleLibRuntimeToDirDebug (project :capacitor-cordova-android-plugins) with DexingNoClasspathTransform
Caching disabled for DexingNoClasspathTransform: D:\finance_tracker_ar\android\capacitor-cordova-android-plugins\build\intermediates\runtime_library_classes_dir\debug\bundleLibRuntimeToDirDebug because:
  Build cache is disabled
Skipping DexingNoClasspathTransform: D:\finance_tracker_ar\android\capacitor-cordova-android-plugins\build\intermediates\runtime_library_classes_dir\debug\bundleLibRuntimeToDirDebug as it is up-to-date.
DexingOutputSplitTransform (Thread[#369,Execution worker Thread 6,5,main]) started.

> Task :app:mergeProjectDexDebug UP-TO-DATE
Caching disabled for task ':app:mergeProjectDexDebug' because:
  Build cache is disabled
Skipping task ':app:mergeProjectDexDebug' as it is up-to-date.
Resolve mutations for :app:mergeDebugJniLibFolders (Thread[#368,Execution worker Thread 5,5,main]) started.
:app:mergeDebugJniLibFolders (Thread[#368,Execution worker Thread 5,5,main]) started.

> Task :app:mergeDebugJniLibFolders UP-TO-DATE
Caching disabled for task ':app:mergeDebugJniLibFolders' because:
  Build cache is disabled
  Simple merging task
Skipping task ':app:mergeDebugJniLibFolders' as it is up-to-date.
Resolve mutations for :capacitor-android:mergeDebugJniLibFolders (Thread[#368,Execution worker Thread 5,5,main]) started.

> Transform bundleLibRuntimeToDirDebug (project :capacitor-android) with DexingNoClasspathTransform
Caching disabled for DexingNoClasspathTransform: D:\finance_tracker_ar\node_modules\@capacitor\android\capacitor\build\intermediates\runtime_library_classes_dir\debug\bundleLibRuntimeToDirDebug because:
  Build cache is disabled
Skipping DexingNoClasspathTransform: D:\finance_tracker_ar\node_modules\@capacitor\android\capacitor\build\intermediates\runtime_library_classes_dir\debug\bundleLibRuntimeToDirDebug as it is up-to-date.
:capacitor-android:mergeDebugJniLibFolders (Thread[#368,Execution worker Thread 5,5,main]) started.
DexingOutputSplitTransform (Thread[#365,Execution worker Thread 2,5,main]) started.

> Task :capacitor-android:mergeDebugJniLibFolders UP-TO-DATE
Caching disabled for task ':capacitor-android:mergeDebugJniLibFolders' because:
  Build cache is disabled
  Simple merging task
Skipping task ':capacitor-android:mergeDebugJniLibFolders' as it is up-to-date.
Resolve mutations for :app:mergeLibDexDebug (Thread[#368,Execution worker Thread 5,5,main]) started.
:app:mergeLibDexDebug (Thread[#368,Execution worker Thread 5,5,main]) started.

> Task :app:mergeLibDexDebug UP-TO-DATE
file or directory 'D:\finance_tracker_ar\android\app\libs', not found
file or directory 'D:\finance_tracker_ar\node_modules\@capacitor\android\capacitor\libs', not found
file or directory 'D:\finance_tracker_ar\android\capacitor-cordova-android-plugins\src\main\libs', not found
file or directory 'D:\finance_tracker_ar\android\app\libs', not found
file or directory 'D:\finance_tracker_ar\node_modules\@capacitor\android\capacitor\libs', not found
file or directory 'D:\finance_tracker_ar\android\capacitor-cordova-android-plugins\src\main\libs', not found
Caching disabled for task ':app:mergeLibDexDebug' because:
  Build cache is disabled
Skipping task ':app:mergeLibDexDebug' as it is up-to-date.
Resolve mutations for :capacitor-android:mergeDebugNativeLibs (Thread[#368,Execution worker Thread 5,5,main]) started.
:capacitor-android:mergeDebugNativeLibs (Thread[#368,Execution worker Thread 5,5,main]) started.

> Task :capacitor-android:mergeDebugNativeLibs NO-SOURCE
Skipping task ':capacitor-android:mergeDebugNativeLibs' as it has no source files and no previous output files.
Resolve mutations for :capacitor-android:copyDebugJniLibsProjectOnly (Thread[#368,Execution worker Thread 5,5,main]) started.
:capacitor-android:copyDebugJniLibsProjectOnly (Thread[#363,included builds,5,main]) started.

> Task :capacitor-android:copyDebugJniLibsProjectOnly UP-TO-DATE
Caching disabled for task ':capacitor-android:copyDebugJniLibsProjectOnly' because:
  Build cache is disabled
  Caching has been disabled for the task
Skipping task ':capacitor-android:copyDebugJniLibsProjectOnly' as it is up-to-date.
work action resolve jni (project :capacitor-android) (Thread[#363,included builds,5,main]) started.
Resolve mutations for :capacitor-cordova-android-plugins:mergeDebugJniLibFolders (Thread[#363,included builds,5,main]) started.
:capacitor-cordova-android-plugins:mergeDebugJniLibFolders (Thread[#363,included builds,5,main]) started.

> Task :capacitor-cordova-android-plugins:mergeDebugJniLibFolders UP-TO-DATE
Caching disabled for task ':capacitor-cordova-android-plugins:mergeDebugJniLibFolders' because:
  Build cache is disabled
  Simple merging task
Skipping task ':capacitor-cordova-android-plugins:mergeDebugJniLibFolders' as it is up-to-date.
Resolve mutations for :capacitor-cordova-android-plugins:mergeDebugNativeLibs (Thread[#363,included builds,5,main]) started.
:capacitor-cordova-android-plugins:mergeDebugNativeLibs (Thread[#363,included builds,5,main]) started.

> Task :capacitor-cordova-android-plugins:mergeDebugNativeLibs NO-SOURCE
Skipping task ':capacitor-cordova-android-plugins:mergeDebugNativeLibs' as it has no source files and no previous output files.
Resolve mutations for :capacitor-cordova-android-plugins:copyDebugJniLibsProjectOnly (Thread[#363,included builds,5,main]) started.
:capacitor-cordova-android-plugins:copyDebugJniLibsProjectOnly (Thread[#368,Execution worker Thread 5,5,main]) started.

> Task :capacitor-cordova-android-plugins:copyDebugJniLibsProjectOnly UP-TO-DATE
Caching disabled for task ':capacitor-cordova-android-plugins:copyDebugJniLibsProjectOnly' because:
  Build cache is disabled
  Caching has been disabled for the task
Skipping task ':capacitor-cordova-android-plugins:copyDebugJniLibsProjectOnly' as it is up-to-date.
work action resolve jni (project :capacitor-cordova-android-plugins) (Thread[#368,Execution worker Thread 5,5,main]) started.
Resolve mutations for :app:mergeDebugNativeLibs (Thread[#368,Execution worker Thread 5,5,main]) started.
:app:mergeDebugNativeLibs (Thread[#368,Execution worker Thread 5,5,main]) started.

> Task :app:mergeDebugNativeLibs NO-SOURCE
file or directory 'D:\finance_tracker_ar\android\app\libs', not found
file or directory 'D:\finance_tracker_ar\node_modules\@capacitor\android\capacitor\libs', not found
file or directory 'D:\finance_tracker_ar\android\capacitor-cordova-android-plugins\src\main\libs', not found
file or directory 'D:\finance_tracker_ar\android\app\libs', not found
file or directory 'D:\finance_tracker_ar\node_modules\@capacitor\android\capacitor\libs', not found
file or directory 'D:\finance_tracker_ar\android\capacitor-cordova-android-plugins\src\main\libs', not found
Skipping task ':app:mergeDebugNativeLibs' as it has no source files and no previous output files.
Resolve mutations for :app:stripDebugDebugSymbols (Thread[#368,Execution worker Thread 5,5,main]) started.
:app:stripDebugDebugSymbols (Thread[#368,Execution worker Thread 5,5,main]) started.

> Task :app:stripDebugDebugSymbols NO-SOURCE
Skipping task ':app:stripDebugDebugSymbols' as it has no source files and no previous output files.
Resolve mutations for :app:validateSigningDebug (Thread[#368,Execution worker Thread 5,5,main]) started.
:app:validateSigningDebug (Thread[#370,Execution worker Thread 7,5,main]) started.

> Task :app:validateSigningDebug UP-TO-DATE
Caching disabled for task ':app:validateSigningDebug' because:
  Build cache is disabled
  Caching has been disabled for the task
Skipping task ':app:validateSigningDebug' as it is up-to-date.
Resolve mutations for :app:writeDebugAppMetadata (Thread[#370,Execution worker Thread 7,5,main]) started.
:app:writeDebugAppMetadata (Thread[#370,Execution worker Thread 7,5,main]) started.

> Task :app:writeDebugAppMetadata UP-TO-DATE
Caching disabled for task ':app:writeDebugAppMetadata' because:
  Build cache is disabled
  Caching has been disabled for the task
Skipping task ':app:writeDebugAppMetadata' as it is up-to-date.
Resolve mutations for :app:writeDebugSigningConfigVersions (Thread[#370,Execution worker Thread 7,5,main]) started.
:app:writeDebugSigningConfigVersions (Thread[#370,Execution worker Thread 7,5,main]) started.

> Task :app:writeDebugSigningConfigVersions UP-TO-DATE
Caching disabled for task ':app:writeDebugSigningConfigVersions' because:
  Build cache is disabled
  Caching has been disabled for the task
Skipping task ':app:writeDebugSigningConfigVersions' as it is up-to-date.
Resolve mutations for :app:packageDebug (Thread[#370,Execution worker Thread 7,5,main]) started.
:app:packageDebug (Thread[#370,Execution worker Thread 7,5,main]) started.

> Task :app:packageDebug UP-TO-DATE
Custom actions are attached to task ':app:packageDebug'.
Caching disabled for task ':app:packageDebug' because:
  Build cache is disabled
  Caching has been disabled for the task
Skipping task ':app:packageDebug' as it is up-to-date.
Resolve mutations for :app:createDebugApkListingFileRedirect (Thread[#370,Execution worker Thread 7,5,main]) started.
:app:createDebugApkListingFileRedirect (Thread[#370,Execution worker Thread 7,5,main]) started.

> Task :app:createDebugApkListingFileRedirect UP-TO-DATE
Caching disabled for task ':app:createDebugApkListingFileRedirect' because:
  Build cache is disabled
  Caching has been disabled for the task
Skipping task ':app:createDebugApkListingFileRedirect' as it is up-to-date.
Resolve mutations for :app:assembleDebug (Thread[#370,Execution worker Thread 7,5,main]) started.
:app:assembleDebug (Thread[#370,Execution worker Thread 7,5,main]) started.

> Task :app:assembleDebug UP-TO-DATE
Skipping task ':app:assembleDebug' as it has no actions.
Resolve mutations for :capacitor-android:checkDebugAarMetadata (Thread[#370,Execution worker Thread 7,5,main]) started.
:capacitor-android:checkDebugAarMetadata (Thread[#370,Execution worker Thread 7,5,main]) started.

> Task :capacitor-android:checkDebugAarMetadata UP-TO-DATE
file or directory 'D:\finance_tracker_ar\node_modules\@capacitor\android\capacitor\libs', not found
file or directory 'D:\finance_tracker_ar\node_modules\@capacitor\android\capacitor\libs', not found
file or directory 'D:\finance_tracker_ar\node_modules\@capacitor\android\capacitor\libs', not found
file or directory 'D:\finance_tracker_ar\node_modules\@capacitor\android\capacitor\libs', not found
Caching disabled for task ':capacitor-android:checkDebugAarMetadata' because:
  Build cache is disabled
  Caching has been disabled for the task
Skipping task ':capacitor-android:checkDebugAarMetadata' as it is up-to-date.
Resolve mutations for :capacitor-android:stripDebugDebugSymbols (Thread[#364,Execution worker,5,main]) started.
:capacitor-android:stripDebugDebugSymbols (Thread[#364,Execution worker,5,main]) started.

> Task :capacitor-android:stripDebugDebugSymbols NO-SOURCE
Skipping task ':capacitor-android:stripDebugDebugSymbols' as it has no source files and no previous output files.
Resolve mutations for :capacitor-android:copyDebugJniLibsProjectAndLocalJars (Thread[#364,Execution worker,5,main]) started.
:capacitor-android:copyDebugJniLibsProjectAndLocalJars (Thread[#364,Execution worker,5,main]) started.

> Task :capacitor-android:copyDebugJniLibsProjectAndLocalJars UP-TO-DATE
file or directory 'D:\finance_tracker_ar\node_modules\@capacitor\android\capacitor\libs', not found
Caching disabled for task ':capacitor-android:copyDebugJniLibsProjectAndLocalJars' because:
  Build cache is disabled
  Caching has been disabled for the task
Skipping task ':capacitor-android:copyDebugJniLibsProjectAndLocalJars' as it is up-to-date.
Resolve mutations for :capacitor-android:extractDebugAnnotations (Thread[#364,Execution worker,5,main]) started.
:capacitor-android:extractDebugAnnotations (Thread[#364,Execution worker,5,main]) started.

> Task :capacitor-android:extractDebugAnnotations UP-TO-DATE
file or directory 'D:\finance_tracker_ar\node_modules\@capacitor\android\capacitor\libs', not found
file or directory 'D:\finance_tracker_ar\node_modules\@capacitor\android\capacitor\libs', not found
file or directory 'D:\finance_tracker_ar\node_modules\@capacitor\android\capacitor\libs', not found
file or directory 'D:\finance_tracker_ar\node_modules\@capacitor\android\capacitor\libs', not found
Caching disabled for task ':capacitor-android:extractDebugAnnotations' because:
  Build cache is disabled
Skipping task ':capacitor-android:extractDebugAnnotations' as it is up-to-date.
Resolve mutations for :capacitor-android:extractDeepLinksForAarDebug (Thread[#364,Execution worker,5,main]) started.
:capacitor-android:extractDeepLinksForAarDebug (Thread[#364,Execution worker,5,main]) started.

> Task :capacitor-android:extractDeepLinksForAarDebug UP-TO-DATE
Caching disabled for task ':capacitor-android:extractDeepLinksForAarDebug' because:
  Build cache is disabled
Skipping task ':capacitor-android:extractDeepLinksForAarDebug' as it is up-to-date.
Resolve mutations for :capacitor-android:mergeDebugGeneratedProguardFiles (Thread[#364,Execution worker,5,main]) started.
:capacitor-android:mergeDebugGeneratedProguardFiles (Thread[#364,Execution worker,5,main]) started.

> Task :capacitor-android:mergeDebugGeneratedProguardFiles UP-TO-DATE
Caching disabled for task ':capacitor-android:mergeDebugGeneratedProguardFiles' because:
  Build cache is disabled
  Simple merging task
Skipping task ':capacitor-android:mergeDebugGeneratedProguardFiles' as it is up-to-date.
Resolve mutations for :capacitor-android:mergeDebugConsumerProguardFiles (Thread[#364,Execution worker,5,main]) started.
:capacitor-android:mergeDebugConsumerProguardFiles (Thread[#364,Execution worker,5,main]) started.

> Task :capacitor-android:mergeDebugConsumerProguardFiles UP-TO-DATE
Caching disabled for task ':capacitor-android:mergeDebugConsumerProguardFiles' because:
  Build cache is disabled
  Simple merging task
Skipping task ':capacitor-android:mergeDebugConsumerProguardFiles' as it is up-to-date.
Resolve mutations for :capacitor-android:prepareDebugArtProfile (Thread[#364,Execution worker,5,main]) started.
:capacitor-android:prepareDebugArtProfile (Thread[#364,Execution worker,5,main]) started.

> Task :capacitor-android:prepareDebugArtProfile UP-TO-DATE
Caching disabled for task ':capacitor-android:prepareDebugArtProfile' because:
  Build cache is disabled
  Caching has been disabled for the task
Skipping task ':capacitor-android:prepareDebugArtProfile' as it is up-to-date.
Resolve mutations for :capacitor-android:prepareLintJarForPublish (Thread[#364,Execution worker,5,main]) started.
:capacitor-android:prepareLintJarForPublish (Thread[#364,Execution worker,5,main]) started.

> Task :capacitor-android:prepareLintJarForPublish UP-TO-DATE
Caching disabled for task ':capacitor-android:prepareLintJarForPublish' because:
  Build cache is disabled
  Caching has been disabled for the task
Skipping task ':capacitor-android:prepareLintJarForPublish' as it is up-to-date.
Resolve mutations for :capacitor-android:mergeDebugJavaResource (Thread[#364,Execution worker,5,main]) started.
:capacitor-android:mergeDebugJavaResource (Thread[#364,Execution worker,5,main]) started.

> Task :capacitor-android:mergeDebugJavaResource UP-TO-DATE
file or directory 'D:\finance_tracker_ar\node_modules\@capacitor\android\capacitor\libs', not found
Caching disabled for task ':capacitor-android:mergeDebugJavaResource' because:
  Build cache is disabled
  Caching has been disabled for the task
Skipping task ':capacitor-android:mergeDebugJavaResource' as it is up-to-date.
Resolve mutations for :capacitor-android:syncDebugLibJars (Thread[#364,Execution worker,5,main]) started.
:capacitor-android:syncDebugLibJars (Thread[#364,Execution worker,5,main]) started.

> Task :capacitor-android:syncDebugLibJars UP-TO-DATE
file or directory 'D:\finance_tracker_ar\node_modules\@capacitor\android\capacitor\libs', not found
Caching disabled for task ':capacitor-android:syncDebugLibJars' because:
  Build cache is disabled
Skipping task ':capacitor-android:syncDebugLibJars' as it is up-to-date.
Resolve mutations for :capacitor-android:bundleDebugAar (Thread[#364,Execution worker,5,main]) started.
:capacitor-android:bundleDebugAar (Thread[#364,Execution worker,5,main]) started.

> Task :capacitor-android:bundleDebugAar UP-TO-DATE
file or directory 'D:\finance_tracker_ar\node_modules\@capacitor\android\capacitor\libs', not found
Caching disabled for task ':capacitor-android:bundleDebugAar' because:
  Build cache is disabled
  Caching has been disabled for the task
Skipping task ':capacitor-android:bundleDebugAar' as it is up-to-date.
Resolve mutations for :capacitor-android:assembleDebug (Thread[#364,Execution worker,5,main]) started.
:capacitor-android:assembleDebug (Thread[#364,Execution worker,5,main]) started.

> Task :capacitor-android:assembleDebug UP-TO-DATE
Skipping task ':capacitor-android:assembleDebug' as it has no actions.
Resolve mutations for :capacitor-cordova-android-plugins:checkDebugAarMetadata (Thread[#364,Execution worker,5,main]) started.
:capacitor-cordova-android-plugins:checkDebugAarMetadata (Thread[#364,Execution worker,5,main]) started.

> Task :capacitor-cordova-android-plugins:checkDebugAarMetadata UP-TO-DATE
file or directory 'D:\finance_tracker_ar\android\capacitor-cordova-android-plugins\src\main\libs', not found
file or directory 'D:\finance_tracker_ar\android\capacitor-cordova-android-plugins\src\main\libs', not found
file or directory 'D:\finance_tracker_ar\android\capacitor-cordova-android-plugins\src\main\libs', not found
file or directory 'D:\finance_tracker_ar\android\capacitor-cordova-android-plugins\src\main\libs', not found
Caching disabled for task ':capacitor-cordova-android-plugins:checkDebugAarMetadata' because:
  Build cache is disabled
  Caching has been disabled for the task
Skipping task ':capacitor-cordova-android-plugins:checkDebugAarMetadata' as it is up-to-date.
Resolve mutations for :capacitor-cordova-android-plugins:stripDebugDebugSymbols (Thread[#364,Execution worker,5,main]) started.
:capacitor-cordova-android-plugins:stripDebugDebugSymbols (Thread[#364,Execution worker,5,main]) started.

> Task :capacitor-cordova-android-plugins:stripDebugDebugSymbols NO-SOURCE
Skipping task ':capacitor-cordova-android-plugins:stripDebugDebugSymbols' as it has no source files and no previous output files.
Resolve mutations for :capacitor-cordova-android-plugins:copyDebugJniLibsProjectAndLocalJars (Thread[#364,Execution worker,5,main]) started.
:capacitor-cordova-android-plugins:copyDebugJniLibsProjectAndLocalJars (Thread[#364,Execution worker,5,main]) started.

> Task :capacitor-cordova-android-plugins:copyDebugJniLibsProjectAndLocalJars UP-TO-DATE
file or directory 'D:\finance_tracker_ar\android\capacitor-cordova-android-plugins\src\main\libs', not found
Caching disabled for task ':capacitor-cordova-android-plugins:copyDebugJniLibsProjectAndLocalJars' because:
  Build cache is disabled
  Caching has been disabled for the task
Skipping task ':capacitor-cordova-android-plugins:copyDebugJniLibsProjectAndLocalJars' as it is up-to-date.
Resolve mutations for :capacitor-cordova-android-plugins:extractDebugAnnotations (Thread[#364,Execution worker,5,main]) started.
:capacitor-cordova-android-plugins:extractDebugAnnotations (Thread[#364,Execution worker,5,main]) started.

> Task :capacitor-cordova-android-plugins:extractDebugAnnotations UP-TO-DATE
file or directory 'D:\finance_tracker_ar\android\capacitor-cordova-android-plugins\src\main\libs', not found
file or directory 'D:\finance_tracker_ar\android\capacitor-cordova-android-plugins\src\main\libs', not found
file or directory 'D:\finance_tracker_ar\android\capacitor-cordova-android-plugins\src\main\libs', not found
file or directory 'D:\finance_tracker_ar\android\capacitor-cordova-android-plugins\src\main\libs', not found
Caching disabled for task ':capacitor-cordova-android-plugins:extractDebugAnnotations' because:
  Build cache is disabled
Skipping task ':capacitor-cordova-android-plugins:extractDebugAnnotations' as it is up-to-date.
Resolve mutations for :capacitor-cordova-android-plugins:extractDeepLinksForAarDebug (Thread[#364,Execution worker,5,main]) started.
:capacitor-cordova-android-plugins:extractDeepLinksForAarDebug (Thread[#364,Execution worker,5,main]) started.

> Task :capacitor-cordova-android-plugins:extractDeepLinksForAarDebug UP-TO-DATE
Caching disabled for task ':capacitor-cordova-android-plugins:extractDeepLinksForAarDebug' because:
  Build cache is disabled
Skipping task ':capacitor-cordova-android-plugins:extractDeepLinksForAarDebug' as it is up-to-date.
Resolve mutations for :capacitor-cordova-android-plugins:mergeDebugGeneratedProguardFiles (Thread[#364,Execution worker,5,main]) started.
:capacitor-cordova-android-plugins:mergeDebugGeneratedProguardFiles (Thread[#364,Execution worker,5,main]) started.

> Task :capacitor-cordova-android-plugins:mergeDebugGeneratedProguardFiles UP-TO-DATE
Caching disabled for task ':capacitor-cordova-android-plugins:mergeDebugGeneratedProguardFiles' because:
  Build cache is disabled
  Simple merging task
Skipping task ':capacitor-cordova-android-plugins:mergeDebugGeneratedProguardFiles' as it is up-to-date.
Resolve mutations for :capacitor-cordova-android-plugins:mergeDebugConsumerProguardFiles (Thread[#364,Execution worker,5,main]) started.
:capacitor-cordova-android-plugins:mergeDebugConsumerProguardFiles (Thread[#364,Execution worker,5,main]) started.

> Task :capacitor-cordova-android-plugins:mergeDebugConsumerProguardFiles UP-TO-DATE
Caching disabled for task ':capacitor-cordova-android-plugins:mergeDebugConsumerProguardFiles' because:
  Build cache is disabled
  Simple merging task
Skipping task ':capacitor-cordova-android-plugins:mergeDebugConsumerProguardFiles' as it is up-to-date.
Resolve mutations for :capacitor-cordova-android-plugins:prepareDebugArtProfile (Thread[#364,Execution worker,5,main]) started.
:capacitor-cordova-android-plugins:prepareDebugArtProfile (Thread[#364,Execution worker,5,main]) started.

> Task :capacitor-cordova-android-plugins:prepareDebugArtProfile UP-TO-DATE
Caching disabled for task ':capacitor-cordova-android-plugins:prepareDebugArtProfile' because:
  Build cache is disabled
  Caching has been disabled for the task
Skipping task ':capacitor-cordova-android-plugins:prepareDebugArtProfile' as it is up-to-date.
Resolve mutations for :capacitor-cordova-android-plugins:prepareLintJarForPublish (Thread[#364,Execution worker,5,main]) started.
:capacitor-cordova-android-plugins:prepareLintJarForPublish (Thread[#364,Execution worker,5,main]) started.

> Task :capacitor-cordova-android-plugins:prepareLintJarForPublish UP-TO-DATE
Caching disabled for task ':capacitor-cordova-android-plugins:prepareLintJarForPublish' because:
  Build cache is disabled
  Caching has been disabled for the task
Skipping task ':capacitor-cordova-android-plugins:prepareLintJarForPublish' as it is up-to-date.
Resolve mutations for :capacitor-cordova-android-plugins:mergeDebugJavaResource (Thread[#364,Execution worker,5,main]) started.
:capacitor-cordova-android-plugins:mergeDebugJavaResource (Thread[#364,Execution worker,5,main]) started.

> Task :capacitor-cordova-android-plugins:mergeDebugJavaResource UP-TO-DATE
file or directory 'D:\finance_tracker_ar\android\capacitor-cordova-android-plugins\src\main\libs', not found
Caching disabled for task ':capacitor-cordova-android-plugins:mergeDebugJavaResource' because:
  Build cache is disabled
  Caching has been disabled for the task
Skipping task ':capacitor-cordova-android-plugins:mergeDebugJavaResource' as it is up-to-date.
Resolve mutations for :capacitor-cordova-android-plugins:syncDebugLibJars (Thread[#364,Execution worker,5,main]) started.
:capacitor-cordova-android-plugins:syncDebugLibJars (Thread[#364,Execution worker,5,main]) started.

> Task :capacitor-cordova-android-plugins:syncDebugLibJars UP-TO-DATE
file or directory 'D:\finance_tracker_ar\android\capacitor-cordova-android-plugins\src\main\libs', not found
Caching disabled for task ':capacitor-cordova-android-plugins:syncDebugLibJars' because:
  Build cache is disabled
Skipping task ':capacitor-cordova-android-plugins:syncDebugLibJars' as it is up-to-date.
Resolve mutations for :capacitor-cordova-android-plugins:bundleDebugAar (Thread[#364,Execution worker,5,main]) started.
:capacitor-cordova-android-plugins:bundleDebugAar (Thread[#364,Execution worker,5,main]) started.

> Task :capacitor-cordova-android-plugins:bundleDebugAar UP-TO-DATE
file or directory 'D:\finance_tracker_ar\android\capacitor-cordova-android-plugins\src\main\libs', not found
Caching disabled for task ':capacitor-cordova-android-plugins:bundleDebugAar' because:
  Build cache is disabled
  Caching has been disabled for the task
Skipping task ':capacitor-cordova-android-plugins:bundleDebugAar' as it is up-to-date.
Resolve mutations for :capacitor-cordova-android-plugins:assembleDebug (Thread[#364,Execution worker,5,main]) started.
:capacitor-cordova-android-plugins:assembleDebug (Thread[#364,Execution worker,5,main]) started.

> Task :capacitor-cordova-android-plugins:assembleDebug UP-TO-DATE
Skipping task ':capacitor-cordova-android-plugins:assembleDebug' as it has no actions.

BUILD SUCCESSFUL in 3s
93 actionable tasks: 93 up-to-date
Watched directory hierarchies: [D:\finance_tracker_ar\android]
